TAP version 13
not ok 1 - Failure: FellowshipOnePeopleTest::testHouseholdSearch
  ---
  message: 'Failed asserting that 500 matches expected ''200''.'
  severity: fail
  data:
      got: 500
      expected: '200'
  ...
ok 1 - # SKIP This test depends on "FellowshipOnePeopleTest::testHouseholdSearch" to pass.
ok 1 - # SKIP This test depends on "FellowshipOnePeopleTest::testHouseholdSearch" to pass.
ok 2 - FellowshipOnePeopleTest::testHouseholdNew
not ok 3 - Failure: FellowshipOnePeopleTest::testHouseholdCreate
  ---
  message: 'Failed asserting that 500 matches expected ''201''.'
  severity: fail
  data:
      got: 500
      expected: '201'
  ...
ok 3 - # SKIP This test depends on "FellowshipOnePeopleTest::testHouseholdEdit" to pass.
not ok 4 - Failure: FellowshipOnePeopleTest::testHouseholdMemberTypesList
  ---
  message: 'Failed asserting that 500 matches expected ''200''.'
  severity: fail
  data:
      got: 500
      expected: '200'
  ...
ok 4 - # SKIP This test depends on "FellowshipOnePeopleTest::testHouseholdMemberTypesList" to pass.
ok 5 - FellowshipOnePeopleTest::testPeopleSearch
ok 6 - FellowshipOnePeopleTest::testPeopleShow
not ok 7 - Failure: FellowshipOnePeopleTest::testPeopleEdit
  ---
  message: 'Failed asserting that 500 matches expected ''200''.'
  severity: fail
  data:
      got: 500
      expected: '200'
  ...
not ok 8 - Failure: FellowshipOnePeopleTest::testPeopleNew
  ---
  message: 'Failed asserting that 500 matches expected ''200''.'
  severity: fail
  data:
      got: 500
      expected: '200'
  ...
ok 8 - # SKIP This test depends on "FellowshipOnePeopleTest::testPeopleNew" to pass.
ok 8 - # SKIP This test depends on "FellowshipOnePeopleTest::testPeopleCreate" to pass.
not ok 9 - Failure: FellowshipOnePeopleTest::testPeopleAttributesNew
  ---
  message: 'Failed asserting that 500 matches expected ''200''.'
  severity: fail
  data:
      got: 500
      expected: '200'
  ...
ok 9 - # SKIP This test depends on "FellowshipOnePeopleTest::testPeopleAttributesNew" to pass.
ok 9 - # SKIP This test depends on "FellowshipOnePeopleTest::testPeopleAttributesCreate" to pass.
ok 9 - # SKIP This test depends on "FellowshipOnePeopleTest::testPeopleAttributesCreate" to pass.
ok 9 - # SKIP This test depends on "FellowshipOnePeopleTest::testPeopleAttributesCreate" to pass.
ok 9 - # SKIP This test depends on "FellowshipOnePeopleTest::testPeopleAttributesEdit" to pass.
ok 9 - # SKIP This test depends on "FellowshipOnePeopleTest::testPeopleAttributesCreate" to pass.
not ok 10 - Error: FellowshipOnePeopleTest::testPeopleImagesCreate
ok 10 - # SKIP This test depends on "FellowshipOnePeopleTest::testPeopleImagesCreate" to pass.
ok 10 - # SKIP This test depends on "FellowshipOnePeopleTest::testPeopleImagesCreate" to pass.
not ok 11 - Error: FellowshipOnePeopleTest::testAddressesNew
ok 11 - # SKIP This test depends on "FellowshipOnePeopleTest::testAddressesNew" to pass.
ok 11 - # SKIP This test depends on "FellowshipOnePeopleTest::testAddressesNew" to pass.
ok 11 - # SKIP This test depends on "FellowshipOnePeopleTest::testAddressesCreate" to pass.
ok 11 - # SKIP This test depends on "FellowshipOnePeopleTest::testAddressesCreate" to pass.
ok 11 - # SKIP This test depends on "FellowshipOnePeopleTest::testAddressesEdit" to pass.
ok 11 - # SKIP This test depends on "FellowshipOnePeopleTest::testAddressesCreate" to pass.
ok 12 - FellowshipOnePeopleTest::testAddressTypesList
ok 13 - FellowshipOnePeopleTest::testAddressTypesShow
not ok 14 - Failure: FellowshipOnePeopleTest::testAttributeGroupsList
  ---
  message: 'Failed asserting that 500 matches expected ''200''.'
  severity: fail
  data:
      got: 500
      expected: '200'
  ...
ok 14 - # SKIP This test depends on "FellowshipOnePeopleTest::testAttributeGroupsList" to pass.
ok 14 - # SKIP This test depends on "FellowshipOnePeopleTest::testAttributeGroupsList" to pass.
ok 14 - # SKIP This test depends on "FellowshipOnePeopleTest::testAttributeGroupsList" to pass.
not ok 15 - Error: FellowshipOnePeopleTest::testCommunicationsNew
ok 15 - # SKIP This test depends on "FellowshipOnePeopleTest::testCommunicationsNew" to pass.
ok 15 - # SKIP This test depends on "FellowshipOnePeopleTest::testCommunicationsNew" to pass.
ok 15 - # SKIP This test depends on "FellowshipOnePeopleTest::testCommunicationsCreate" to pass.
ok 15 - # SKIP This test depends on "FellowshipOnePeopleTest::testCommunicationsCreate" to pass.
ok 15 - # SKIP This test depends on "FellowshipOnePeopleTest::testCommunicationsEdit" to pass.
ok 15 - # SKIP This test depends on "FellowshipOnePeopleTest::testCommunicationsCreate" to pass.
ok 16 - FellowshipOnePeopleTest::testCommunicationTypeList
ok 17 - FellowshipOnePeopleTest::testCommunicationTypeShow
not ok 18 - Failure: FellowshipOnePeopleTest::testDenominationsList
  ---
  message: 'Failed asserting that 500 matches expected ''200''.'
  severity: fail
  data:
      got: 500
      expected: '200'
  ...
ok 18 - # SKIP This test depends on "FellowshipOnePeopleTest::testDenominationsList" to pass.
not ok 19 - Failure: FellowshipOnePeopleTest::testOccupationsList
  ---
  message: 'Failed asserting that 500 matches expected ''200''.'
  severity: fail
  data:
      got: 500
      expected: '200'
  ...
ok 19 - # SKIP This test depends on "FellowshipOnePeopleTest::testOccupationsList" to pass.
ok 20 - FellowshipOnePeopleTest::testSchoolsList
ok 21 - FellowshipOnePeopleTest::testSchoolsShow
not ok 22 - Failure: FellowshipOnePeopleTest::testStatusesList
  ---
  message: 'Failed asserting that 500 matches expected ''200''.'
  severity: fail
  data:
      got: 500
      expected: '200'
  ...
ok 22 - # SKIP This test depends on "FellowshipOnePeopleTest::testStatusesList" to pass.
not ok 23 - Failure: FellowshipOnePeopleTest::testSubStatusesList
  ---
  message: 'Failed asserting that 500 matches expected ''200''.'
  severity: fail
  data:
      got: 500
      expected: '200'
  ...
ok 23 - # SKIP This test depends on "FellowshipOnePeopleTest::testSubStatusesList" to pass.
ok 24 - FellowshipOnePeopleTest::testRequirementsNew
not ok 25 - Failure: FellowshipOnePeopleTest::testRequirementsCreate
  ---
  message: 'Failed asserting that 500 matches expected ''201''.'
  severity: fail
  data:
      got: 500
      expected: '201'
  ...
ok 26 - FellowshipOnePeopleTest::testRequirementsList
ok 26 - # SKIP This test depends on "FellowshipOnePeopleTest::testRequirementsCreate" to pass.
ok 26 - # SKIP This test depends on "FellowshipOnePeopleTest::testRequirementsCreate" to pass.
ok 26 - # SKIP This test depends on "FellowshipOnePeopleTest::testRequirementsEdit" to pass.
ok 27 - FellowshipOnePeopleTest::testRequirementStatusesList
not ok 28 - Failure: FellowshipOnePeopleTest::testRequirementStatusesShow
  ---
  message: 'Failed asserting that 500 matches expected ''200''.'
  severity: fail
  data:
      got: 500
      expected: '200'
  ...
not ok 29 - Failure: FellowshipOnePeopleTest::testBackgroundCheckStatusesList
  ---
  message: 'Failed asserting that 500 matches expected ''200''.'
  severity: fail
  data:
      got: 500
      expected: '200'
  ...
ok 29 - # SKIP This test depends on "FellowshipOnePeopleTest::testBackgroundCheckStatusesList" to pass.
ok 30 - FellowshipOnePeopleTest::testPeopleRequirementsNew
ok 31 - FellowshipOnePeopleTest::testPeopleRequirementsCreate
1..31
